// Jest Snapshot v1, https://goo.gl/fbAQLP

exports[`formatting should match the snapshot 1`] = `
{
  "overrides": [
    {
      "env": {
        "jest": true,
      },
      "files": [
        "**/__tests__/**",
        "*.test.*",
        "*.spec.*",
      ],
      "plugins": [
        "jest",
        "jest-formatting",
      ],
      "rules": {
        "jest-formatting/padding-around-after-all-blocks": "error",
        "jest-formatting/padding-around-after-each-blocks": "error",
        "jest-formatting/padding-around-before-all-blocks": "error",
        "jest-formatting/padding-around-before-each-blocks": "error",
        "jest-formatting/padding-around-describe-blocks": "error",
        "jest-formatting/padding-around-expect-groups": "error",
        "jest-formatting/padding-around-test-blocks": "error",
        "jest/prefer-to-be": "error",
        "jest/prefer-to-contain": "error",
        "jest/prefer-to-have-length": "error",
      },
    },
  ],
}
`;
